<html>
<body>
<pre>
<h1>礦ision Build Log</h1>
<h2>Tool Versions:</h2>
IDE-Version: μVision V5.24.2.0
Copyright (C) 2017 ARM Ltd and ARM Germany GmbH. All rights reserved.
License Information: AS Sam, AAS, LIC=UJWP0-BJIGU-2Z8W4-FW53K-61JV3-MEPME
 
Tool Versions:
Toolchain:       MDK-ARM Plus  Version: 5.24.1
Toolchain Path:  D:\STM32\ARM\ARMCC\Bin
C Compiler:      Armcc.exe V5.06 update 5 (build 528)
Assembler:       Armasm.exe V5.06 update 5 (build 528)
Linker/Locator:  ArmLink.exe V5.06 update 5 (build 528)
Library Manager: ArmAr.exe V5.06 update 5 (build 528)
Hex Converter:   FromElf.exe V5.06 update 5 (build 528)
CPU DLL:         SARMCM3.DLL V5.24.1
Dialog DLL:      DCM.DLL V1.16.0.0
Target DLL:      CMSIS_AGDI.dll V1.28.3.0
Dialog DLL:      TCM.DLL V1.32.0.0
 
<h2>Project:</h2>
E:\电赛\2023 电赛校赛\github_sync\NUEDC_School\stm32\Project.uvprojx
Project File Date:  05/15/2023

<h2>Output:</h2>
*** Using Compiler 'V5.06 update 5 (build 528)', folder: 'D:\STM32\ARM\ARMCC\Bin'
Build target 'Target 1'
compiling Serial.c...
Hardware\Serial.c(68): warning:  #223-D: function "memcpy" declared implicitly
  						 memcpy(Re_buf,Temp,11);
Hardware\Serial.c(102): warning:  #223-D: function "memcpy" declared implicitly
           memcpy(Temp,Re_buf,11);
Hardware\Serial.c: 2 warnings, 0 errors
linking...
Program Size: Code=8966 RO-data=1790 RW-data=124 ZI-data=1756  
".\Objects\Project.axf" - 0 Error(s), 2 Warning(s).

<h2>Software Packages used:</h2>

Package Vendor: Keil
                http://www.keil.com/pack/Keil.STM32F1xx_DFP.2.2.0.pack
                Keil.STM32F1xx_DFP.2.2.0
                STMicroelectronics STM32F1 Series Device Support, Drivers and Examples

<h2>Collection of Component include folders:</h2>
  .\RTE\_Target_1
  D:\STM32\ARM\PACK\Keil\STM32F1xx_DFP\2.2.0\Device\Include

<h2>Collection of Component Files used:</h2>
Build Time Elapsed:  00:00:01
</pre>
</body>
</html>
